Key
HSPA2
PPP3R2
PPP3R1
PRKAG1
THBS2
PRKAG3
STK11
IFNAR2
IFNAR1
MAP4K3
HSPA6
CRKL
PIK3CA
PIK3CB
PIK3CD
COL27A1
PIK3CG
IFNA13
PIK3R3
IFNA10
IFNA17
IFNA16
IFNA14
IGF1R
PRKAG2
PPP2R2D
PPP2R2A
PPP2R2C
PPP2R2B
HSPA8
STK3
STK4
CSF3R
CCND1
MAX
CCND3
CCND2
PTEN
IL7R
RASGRP3
RASGRP1
RASGRP4
CDKN1B
ITGA2
ITGA3
ITGA4
ITGA5
ITGA6
ITGA7
COL3A1
MTCP1
JAK2
JAK3
NF1
JAK1
IL2
GRM1
GABARAP
CHUK
COL4A6
COL4A5
COL4A4
COL4A3
COL4A2
VEGFC
VEGFB
BNIP3
RPS6KA1
RPS6KA2
RPS6KA3
RPS6KA4
RPS6KA5
RPS6KA6
ITGAV
INS
CD14
FBXO32
MAP3K3
FLNA
VWF
FLNC
CACNA1B
CD19
MAP3K1
SMAD4
MAP3K6
RAP1B
SMAD2
SMAD3
MAP3K4
FLNB
CACNA1G
COL2A1
PIK3AP1
TSC1
CDC37
LAMA1
LAMA2
LAMA3
LAMA4
LAMA5
RXRA
IL3RA
CAT
IL2RA
IL2RB
IL2RG
INSR
IFNA21
SPP1
CDC42
RASGRP2
MAP2K4
EGFR
FGF21
BAD
NGFR
GADD45G
PGF
KLF2
PPP5D1
HOMER1
HOMER3
HOMER2
ITGB1
RPTOR
ITGB3
NOS3
ITGB5
ITGB4
ITGB7
ITGB6
ITGB8
HGF
PLA2G4B
PLA2G4A
PLA2G4F
PLA2G4E
PLA2G4D
TCL1B
TCL1A
EIF4E2
MAP3K11
MAP3K12
MAP3K13
MAP3K14
PPP3CA
PPP3CB
PPP3CC
PCK2
PCK1
COL11A1
GHR
PPP2R3B
PPP2R3C
PPP2R3A
IKBKB
ARAF
IKBKG
EGF
PRL
GNG10
GNG11
GNG12
GNG13
RELN
RELB
RELA
CDKN2B
CDKN2D
PPP2R5A
KITLG
ZAK
GH1
FN1
CSF1
CSF3
GNG7
GNG4
GNG5
GNG2
GNG3
ELK4
PAK1
GNG8
NFATC1
NGF
NFATC3
DUSP6
RRAS
ELK1
LAMB1
LAMB3
LAMB2
IBSP
LAMB4
CCNE2
CCNE1
ANGPT2
NLK
ANGPT1
ANGPT4
FIGF
IGF1
MRAS
RAG2
RAG1
ECSIT
EIF4E
EIF4B
EPOR
PPP5C
NFKB1
MEF2C
PDGFRB
PDGFRA
CHAD
ITGA9
RPS6KB1
ATM
PLA2G4C
TNFSF10
FLT4
RPS6KB2
FLT1
MECOM
ITGA2B
S1PR1
CSF1R
S1PR4
FGF18
FBXO25
ITGA1
CDKN1A
MAPK7
TGFBR2
TGFBR1
NTF3
NTF4
GNB5
GNB4
MAPK8
GNB1
GNB3
VTN
COL5A2
FGF13
AGAP2
COL5A1
MTOR
HSP90B1
DUSP4
FGF11
MAPK9
IRS4
FGF17
IRS1
IRS2
FGF16
CDK2
ITGA11
CDK4
CDK6
EIF4E1B
LPAR2
LPAR3
LPAR1
LPAR6
SOS2
LPAR4
LPAR5
TGFB1
TGFB2
TGFB3
PRKAA2
PRKAA1
MCL1
PRKX
GNB2
YWHAZ
GABARAPL1
GABARAPL2
YWHAQ
YWHAH
YWHAB
YWHAG
YWHAE
RAC2
RAC3
RAC1
PRKCA
PRKCB
CHRM2
CHRM1
PRKCZ
COL24A1
IL6R
ATF6B
CCNB3
CCNB2
CCNB1
COL6A2
COL5A3
CACNG8
FGFR4
CACNG1
CACNG2
BCL2
CACNG4
CACNG5
CACNG6
CACNG7
RAPGEF2
CACNA1H
CACNA1I
MAP3K8
PHLPP1
COL11A2
MAP3K2
CACNA1A
GADD45B
CACNA1C
CACNA1D
CACNA1E
CACNA1F
MAP3K5
CACNA1S
NFKB2
CREB5
PRMT1
CREB3
CREB1
MDM2
FGFR2
FGFR3
SETD7
FGFR1
ULK3
SOS1
EPO
SYK
KIT
F2R
HRAS
RRAS2
HIF1A
LAMTOR3
ITGA10
CRTC2
CRK
RICTOR
DAXX
THEM4
PPM1B
PPM1A
PRLR
FOS
JUN
MAP3K7
PRKAB2
PRKAB1
ATG12
LAMC2
LAMC3
LAMC1
PTPN7
JMJD7-PLA2G4B
PTPN5
TP53
TNFRSF1A
MOS
EIF4EBP1
PPP2R5D
VEGFA
FGF22
FGF23
FGF20
PPP2R5C
COL4A1
MKNK2
MKNK1
RPS6
PTK2
ARRB2
ARRB1
IL1A
IL1B
RAF1
STAT3
IFNB1
KDR
SRF
COMP
EFNA5
EFNA4
EFNA3
EFNA2
FOXO1
SGK3
SGK2
SGK1
IL10
IL6
IL7
IL4
COL1A2
IL3
COL1A1
RHEB
MAP4K1
PPP2R1A
PPP2R1B
MAP4K2
MAP4K4
FOXO3
MAP2K2
MAP2K1
MAP2K7
MAP2K6
MAP2K5
FOXO4
DDIT4
FOXO6
FAS
HSPB1
PKN1
PKN3
PKN2
PPP2R5E
DUSP16
DUSP10
CSH2
CASP3
CSH1
CASP9
PPP2R5B
MAPT
COL6A1
COL6A3
BCL6
COL6A5
COL6A6
BCL2L1
PLK1
PLK3
PLK2
PLK4
AKT1
AKT2
AKT3
GADD45A
BDNF
NTRK1
NTRK2
HSP90AB1
CSNK1E
MYC
MYB
DDIT3
SOD2
FASLG
RAP1A
CACNA2D2
CACNA2D3
CACNA2D1
CACNA2D4
KRAS
GH2
PPP2CA
PPP2CB
GSK3B
TLR2
GRB2
TLR4
STMN1
RRAGD
TRAF2
G6PC3
G6PC2
ULK1
RRAGA
MAPKAPK5
MAPKAPK3
MAPKAPK2
IL1R1
TRAF6
TSC2
THBS4
TNR
TNXB
THBS3
THBS1
PIK3R5
AKT1S1
OSM
PIK3R2
PIK3R1
NR4A1
IL4R
CDC25B
GYS1
MAP2K3
GYS2
PRKCG
FGF9
FGF8
FGF7
FGF6
FGF5
FGF4
FGF3
FGF2
FGF1
G6PC
PAK2
ITGA8
EPHA2
MAPK14
CCNG2
MAPK10
MAPK11
MAPK12
MAPK13
FGF14
TEK
CACNB3
CACNB2
CACNB1
CACNB4
MAPK3
FGF19
MAPK1
DUSP9
DUSP8
DUSP5
FGF12
DUSP7
FGF10
DUSP1
C8orf44-SGK3
DUSP3
DUSP2
RBL2
LOC648044
PHLPP2
MLST8
MAPK8IP1
MAPK8IP2
MAPK8IP3
IFNA8
RASGRF1
RASGRF2
IFNA2
IFNA1
IFNA7
IFNA6
IFNA5
IFNA4
MET
PRKACG
PRKACA
PRKACB
HSP90AA1
JUND
HSPA1B
HSPA1A
HSPA1L
BCL2L11
NRAS
IL1R2
OSMR
GNGT2
ULK2
PDGFA
PDGFB
PDGFC
PDGFD
GNGT1
RRAGC
RRAGB
TNF
EFNA1
TNC
ATF4
TNN
RASA1
RASA2
CACNG3
PTPRR
TAB2
TAB1
CREB3L2
CREB3L3
CREB3L1
GNA12
BRAF
CREB3L4
PDPK1
ATF2
